Microchip MPLAB XC8 Compiler V1.44 ()

Linker command line:

-W-3 --edf=C:\Program Files (x86)\Microchip\xc8\v1.44\dat\en_msgs.txt -cs \
  -h+dist/default/debug\LED_fan2.X.debug.sym \
  --cmf=dist/default/debug\LED_fan2.X.debug.cmf -z -Q18F4520 \
  -oC:\Users\Lenovo\AppData\Local\Temp\s3a0.2 \
  -Mdist/default/debug/LED_fan2.X.debug.map -E1 -ver=XC8 \
  -ASTACK=02DCh-05ffh -pstack=STACK -ACODE=00h-07FFFh -ACONST=00h-07FFFh \
  -ASMALLCONST=0600h-06FFhx122 -AMEDIUMCONST=0600h-07FFFh -ACOMRAM=01h-07Fh \
  -AABS1=00h-05FFh -ABIGRAM=01h-05FFh -ARAM=080h-0FFh,0100h-01FFhx5 \
  -ABANK0=080h-0FFh -ABANK1=0100h-01FFh -ABANK2=0200h-02FFh \
  -ABANK3=0300h-03FFh -ABANK4=0400h-04FFh -ABANK5=0500h-05FFh \
  -ASFR=0F80h-0FFFh -preset_vec=00h,intcode=08h,intcodelo,powerup,init \
  -pramtop=0600h -psmallconst=SMALLCONST -pmediumconst=MEDIUMCONST \
  -pconst=CONST -AFARRAM=00h-00h -ACONFIG=0300000h-030000Dh -pconfig=CONFIG \
  -AIDLOC=0200000h-0200007h -pidloc=IDLOC -AEEDATA=0F00000h-0F000FFh \
  -peeprom_data=EEDATA \
  -prdata=COMRAM,nvrram=COMRAM,nvbit=COMRAM,rbss=COMRAM,rbit=COMRAM \
  -pfarbss=FARRAM,fardata=FARRAM,nvFARRAM=FARRAM \
  -pintsave_regs=BIGRAM,bigbss=BIGRAM,bigdata=BIGRAM -pbss=RAM \
  -pidata=CODE,irdata=CODE,ibigdata=CODE,ifardata=CODE -prparam=COMRAM \
  C:\Users\Lenovo\AppData\Local\Temp\s3a0.obj \
  dist/default/debug\LED_fan2.X.debug.obj 

Object code version is 3.11

Machine type is 18F4520

Call graph: (short form)




                Name                               Link     Load   Length Selector   Space Scale
C:\Users\Lenovo\AppData\Local\Temp\s3a0.obj
                init                                  E        E        4        4       0
                reset_vec                             0        0        4        0       0
                idloc                            200000   200000        8   200000       0
                config                           300000   300000        E   300000       0
dist/default/debug\LED_fan2.X.debug.obj
                intcode                               8        8        6        4       0
                temp                                 66       66        1        1       1
                text9                              127C     127C       46        4       0
                intcode_body                        EE2      EE2       C0        4       0
                text7                                12       12      5D4        4       0
                text6                              10DA     10DA       84        4       0
                text5                              115E     115E       70        4       0
                text4                              1306     1306       26      983       0
                text3                              103E     103E       9C        4       0
                text2                               B5E      B5E      2A8        4       0
                text1                               5E6      5E6      578        4       0
                text0                              1230     1230       4C        4       0
                cstackCOMRAM                         44       44       20        1       1
                cstackBANK0                          80       80       6C       80       1
                cstackBANK1                         100      100       92      100       1
                dataBANK2                           200      200       DC      200       1
                dataBANK1                           192      192       62      100       1
                bssBANK1                            1F4      1F4        4      100       1
                dataBANK0                            EC       EC       14       80       1
                dataCOMRAM                            1        1       43        1       1
                bssCOMRAM                            64       64        2        1       1
                cinit                               FA2      FA2       9C        4       0
                nvBANK1                             1F8      1F8        2      100       1
                idataBANK2                          E06      E06       DC        4       0
                idataBANK1                         11CE     11CE       62        4       0
                idataBANK0                         132C     132C       14      983       0
                idataCOMRAM                        12C2     12C2       43        4       0

TOTAL           Name                               Link     Load   Length     Space
        CLASS   STACK          

        CLASS   CODE           
                intcode                               8        8        6         0
                init                                  E        E        4         0
                reset_vec                             0        0        4         0
                text9                              127C     127C       46         0
                intcode_body                        EE2      EE2       C0         0
                text7                                12       12      5D4         0
                text6                              10DA     10DA       84         0
                text5                              115E     115E       70         0
                text4                              1306     1306       26         0
                text3                              103E     103E       9C         0
                text2                               B5E      B5E      2A8         0
                text1                               5E6      5E6      578         0
                text0                              1230     1230       4C         0
                cinit                               FA2      FA2       9C         0
                idataBANK2                          E06      E06       DC         0
                idataBANK1                         11CE     11CE       62         0
                idataBANK0                         132C     132C       14         0
                idataCOMRAM                        12C2     12C2       43         0

        CLASS   CONST          

        CLASS   SMALLCONST     

        CLASS   MEDIUMCONST    

        CLASS   COMRAM         
                temp                                 66       66        1         1
                cstackCOMRAM                         44       44       20         1
                dataCOMRAM                            1        1       43         1
                bssCOMRAM                            64       64        2         1

        CLASS   ABS1           

        CLASS   BIGRAM         

        CLASS   RAM            

        CLASS   BANK0          
                cstackBANK0                          80       80       6C         1
                dataBANK0                            EC       EC       14         1

        CLASS   BANK1          
                cstackBANK1                         100      100       92         1
                dataBANK1                           192      192       62         1
                bssBANK1                            1F4      1F4        4         1
                nvBANK1                             1F8      1F8        2         1

        CLASS   BANK2          
                dataBANK2                           200      200       DC         1

        CLASS   BANK3          

        CLASS   BANK4          

        CLASS   BANK5          

        CLASS   SFR            

        CLASS   FARRAM         

        CLASS   CONFIG         
                config                           300000   300000        E         0

        CLASS   IDLOC          
                idloc                            200000   200000        8         0

        CLASS   EEDATA         



SEGMENTS        Name                           Load    Length   Top    Selector   Space  Class

                reset_vec                      000000  000004  000004         0       0  CODE    
                dataCOMRAM                     000001  000066  000067         1       1  COMRAM  
                intcode                        000008  0012FD  001305         4       0  CODE    
                cstackBANK0                    000080  000080  000100        80       1  BANK0   
                cstackBANK1                    000100  0000FA  0001FA       100       1  BANK1   
                dataBANK2                      000200  0000DC  0002DC       200       1  BANK2   
                text4                          001306  00003A  001340       983       0  CODE    
                idloc                          200000  000008  200008    200000       0  IDLOC   
                config                         300000  00000E  30000E    300000       0  CONFIG  


UNUSED ADDRESS RANGES

        Name                Unused          Largest block    Delta
        BANK1            0001FA-0001FF                6
        BANK2            0002DC-0002FF               24
        BANK3            000300-0003FF              100
        BANK4            000400-0004FF              100
        BANK5            000500-0005FF              100
        BIGRAM           000067-00007F               19
                         0001FA-0001FF                6
                         0002DC-0005FF              324
        CODE             000004-000007                4
                         001305-001305                1
                         001340-007FFF             6CC0
        COMRAM           000067-00007F               19
        CONST            000004-000007                4
                         001305-001305                1
                         001340-007FFF             6CC0
        EEDATA           F00000-F000FF              100
        MEDIUMCONST      001305-001305                1
                         001340-007FFF             6CC0
        RAM              0001FA-0001FF                6
                         0002DC-0005FF              100
        SFR              000F80-000FFF               80
        SMALLCONST       001305-001305                1
                         001340-007FFF              100
        STACK            0002DC-0005FF              324

                                  Symbol Table

?___awdiv                      cstackCOMRAM 000056
?___awmod                      cstackCOMRAM 000056
?___wmul                       cstackCOMRAM 000056
_INTCONbits                    (abs)        000FF2
_IPR1bits                      (abs)        000F9F
_LATA                          (abs)        000F89
_LATD                          (abs)        000F8C
_OSCCONbits                    (abs)        000FD3
_PIE1bits                      (abs)        000F9D
_PIR1bits                      (abs)        000F9E
_RCONbits                      (abs)        000FD0
_T1CON                         (abs)        000FCD
_TMR1                          (abs)        000FCE
_TMR1IE                        (abs)        007CE8
_TMR1IF                        (abs)        007CF0
_TRISA                         (abs)        000F92
_TRISD                         (abs)        000F95
__CFG_LVP$ON                   (abs)        000000
__CFG_MCLRE$ON                 (abs)        000000
__CFG_OSC$INTIO67              (abs)        000000
__CFG_PBADEN$OFF               (abs)        000000
__CFG_WDT$OFF                  (abs)        000000
__HRAM                         (abs)        000000
__Habs1                        abs1         000000
__Hbank0                       bank0        000000
__Hbank1                       bank1        000000
__Hbank2                       bank2        000000
__Hbank3                       bank3        000000
__Hbank4                       bank4        000000
__Hbank5                       bank5        000000
__Hbigbss                      bigbss       000000
__Hbigdata                     bigdata      000000
__Hbigram                      bigram       000000
__Hbss                         bss          000000
__HbssBANK1                    bssBANK1     000000
__HbssCOMRAM                   bssCOMRAM    000000
__Hcinit                       cinit        000000
__Hclrtext                     clrtext      000000
__Hcomram                      comram       000000
__Hconfig                      config       30000E
__Hconst                       const        000000
__HcstackBANK0                 cstackBANK0  000000
__HcstackBANK1                 cstackBANK1  000000
__HcstackCOMRAM                cstackCOMRAM 000000
__Hdata                        data         000000
__HdataBANK0                   dataBANK0    000000
__HdataBANK1                   dataBANK1    000000
__HdataBANK2                   dataBANK2    000000
__HdataCOMRAM                  dataCOMRAM   000000
__Heeprom_data                 eeprom_data  000000
__Hfarbss                      farbss       000000
__Hfardata                     fardata      000000
__Hibigdata                    ibigdata     000000
__Hidata                       idata        000000
__HidataBANK0                  idataBANK0   000000
__HidataBANK1                  idataBANK1   000000
__HidataBANK2                  idataBANK2   000000
__HidataCOMRAM                 idataCOMRAM  000000
__Hidloc                       idloc        200008
__Hifardata                    ifardata     000000
__Hinit                        init         000012
__Hintcode                     intcode      00000E
__Hintcode_body                intcode_body 000000
__Hintcodelo                   intcodelo    00000E
__Hintentry                    intentry     000000
__Hintret                      intret       000000
__Hintsave_regs                intsave_regs 000000
__Hirdata                      irdata       000000
__Hmediumconst                 mediumconst  000000
__HnvBANK1                     nvBANK1      000000
__HnvFARRAM                    nvFARRAM     000000
__Hnvbit                       nvbit        000000
__Hnvrram                      nvrram       000000
__Hparam                       rparam       000000
__Hpowerup                     powerup      00000E
__Hram                         ram          000000
__Hramtop                      ramtop       000600
__Hrbit                        rbit         000000
__Hrbss                        rbss         000000
__Hrdata                       rdata        000000
__Hreset_vec                   reset_vec    000004
__Hrparam                      rparam       000000
__Hsfr                         sfr          000000
__Hsmallconst                  smallconst   000000
__Hspace_0                     (abs)        30000E
__Hspace_1                     (abs)        0002DC
__Hspace_2                     (abs)        000000
__Hstack                       stack        000000
__Hstruct                      struct       000000
__Htemp                        temp         000067
__Htext                        text         000000
__Htext0                       text0        000000
__Htext1                       text1        000000
__Htext2                       text2        000000
__Htext3                       text3        000000
__Htext4                       text4        000000
__Htext5                       text5        000000
__Htext6                       text6        000000
__Htext7                       text7        000000
__Htext9                       text9        000000
__LRAM                         (abs)        000001
__Labs1                        abs1         000000
__Lbank0                       bank0        000000
__Lbank1                       bank1        000000
__Lbank2                       bank2        000000
__Lbank3                       bank3        000000
__Lbank4                       bank4        000000
__Lbank5                       bank5        000000
__Lbigbss                      bigbss       000000
__Lbigdata                     bigdata      000000
__Lbigram                      bigram       000000
__Lbss                         bss          000000
__LbssBANK1                    bssBANK1     000000
__LbssCOMRAM                   bssCOMRAM    000000
__Lcinit                       cinit        000000
__Lclrtext                     clrtext      000000
__Lcomram                      comram       000000
__Lconfig                      config       300000
__Lconst                       const        000000
__LcstackBANK0                 cstackBANK0  000000
__LcstackBANK1                 cstackBANK1  000000
__LcstackCOMRAM                cstackCOMRAM 000000
__Ldata                        data         000000
__LdataBANK0                   dataBANK0    000000
__LdataBANK1                   dataBANK1    000000
__LdataBANK2                   dataBANK2    000000
__LdataCOMRAM                  dataCOMRAM   000000
__Leeprom_data                 eeprom_data  000000
__Lfarbss                      farbss       000000
__Lfardata                     fardata      000000
__Libigdata                    ibigdata     000000
__Lidata                       idata        000000
__LidataBANK0                  idataBANK0   000000
__LidataBANK1                  idataBANK1   000000
__LidataBANK2                  idataBANK2   000000
__LidataCOMRAM                 idataCOMRAM  000000
__Lidloc                       idloc        200000
__Lifardata                    ifardata     000000
__Linit                        init         00000E
__Lintcode                     intcode      000008
__Lintcode_body                intcode_body 000000
__Lintcodelo                   intcodelo    00000E
__Lintentry                    intentry     000000
__Lintret                      intret       000000
__Lintsave_regs                intsave_regs 000000
__Lirdata                      irdata       000000
__Lmediumconst                 mediumconst  000000
__LnvBANK1                     nvBANK1      000000
__LnvFARRAM                    nvFARRAM     000000
__Lnvbit                       nvbit        000000
__Lnvrram                      nvrram       000000
__Lparam                       rparam       000000
__Lpowerup                     powerup      00000E
__Lram                         ram          000000
__Lramtop                      ramtop       000600
__Lrbit                        rbit         000000
__Lrbss                        rbss         000000
__Lrdata                       rdata        000000
__Lreset_vec                   reset_vec    000000
__Lrparam                      rparam       000000
__Lsfr                         sfr          000000
__Lsmallconst                  smallconst   000000
__Lspace_0                     (abs)        000000
__Lspace_1                     (abs)        000000
__Lspace_2                     (abs)        000000
__Lstack                       stack        000000
__Lstruct                      struct       000000
__Ltemp                        temp         000066
__Ltext                        text         000000
__Ltext0                       text0        000000
__Ltext1                       text1        000000
__Ltext2                       text2        000000
__Ltext3                       text3        000000
__Ltext4                       text4        000000
__Ltext5                       text5        000000
__Ltext6                       text6        000000
__Ltext7                       text7        000000
__Ltext9                       text9        000000
__S0                           (abs)        30000E
__S1                           (abs)        0002DC
__S2                           (abs)        000000
___awdiv                       text6        0010DA
___awdiv@counter               cstackCOMRAM 00005A
___awdiv@dividend              cstackCOMRAM 000056
___awdiv@divisor               cstackCOMRAM 000058
___awdiv@quotient              cstackCOMRAM 00005C
___awdiv@sign                  cstackCOMRAM 00005B
___awmod                       text5        00115E
___awmod@counter               cstackCOMRAM 00005A
___awmod@dividend              cstackCOMRAM 000056
___awmod@divisor               cstackCOMRAM 000058
___awmod@sign                  cstackCOMRAM 00005B
___inthi_sp                    stack        000000
___intlo_sp                    stack        000000
___param_bank                  (abs)        000000
___rparam_used                 (abs)        000001
___sp                          stack        000000
___wmul                        text4        001306
___wmul@multiplicand           cstackCOMRAM 000058
___wmul@multiplier             cstackCOMRAM 000056
___wmul@product                cstackCOMRAM 00005A
__accesstop                    (abs)        000080
__activetblptr                 (abs)        000002
__end_of___awdiv               text6        00115E
__end_of___awmod               text5        0011CE
__end_of___wmul                text4        00132C
__end_of__initialization       cinit        001030
__end_of_display               text3        0010DA
__end_of_main                  text0        00127C
__end_of_mode_TransLove        text7        0005E6
__end_of_mode_clock            text2        000E06
__end_of_mode_walker           text1        000B5E
__end_of_tc_int                intcode_body 000FA2
__end_of_update_time           text9        0012C2
__initialization               cinit        000FA2
__mediumconst                  mediumconst  000000
__pbssBANK1                    bssBANK1     0001F4
__pbssCOMRAM                   bssCOMRAM    000064
__pcinit                       cinit        000FA2
__pcstackBANK0                 cstackBANK0  000080
__pcstackBANK1                 cstackBANK1  000100
__pcstackCOMRAM                cstackCOMRAM 000044
__pdataBANK0                   dataBANK0    0000EC
__pdataBANK1                   dataBANK1    000192
__pdataBANK2                   dataBANK2    000200
__pdataCOMRAM                  dataCOMRAM   000001
__pidataBANK0                  idataBANK0   00132C
__pidataBANK1                  idataBANK1   0011CE
__pidataBANK2                  idataBANK2   000E06
__pidataCOMRAM                 idataCOMRAM  0012C2
__pintcode                     intcode      000008
__pintcode_body                intcode_body 000EE2
__pnvBANK1                     nvBANK1      0001F8
__ptext0                       text0        001230
__ptext1                       text1        0005E6
__ptext2                       text2        000B5E
__ptext3                       text3        00103E
__ptext4                       text4        001306
__ptext5                       text5        00115E
__ptext6                       text6        0010DA
__ptext7                       text7        000012
__ptext9                       text9        00127C
__ramtop                       ramtop       000600
__size_of___awdiv              (abs)        000000
__size_of___awmod              (abs)        000000
__size_of___wmul               (abs)        000000
__size_of_display              (abs)        000000
__size_of_main                 (abs)        000000
__size_of_mode_TransLove       (abs)        000000
__size_of_mode_clock           (abs)        000000
__size_of_mode_walker          (abs)        000000
__size_of_tc_int               (abs)        000000
__size_of_update_time          (abs)        000000
__smallconst                   smallconst   000000
_count                         bssCOMRAM    000064
_display                       text3        00103E
_hours                         nvBANK1      0001F8
_main                          text0        001230
_minutes                       bssBANK1     0001F4
_mode_TransLove                text7        000012
_mode_clock                    text2        000B5E
_mode_walker                   text1        0005E6
_seconds                       bssBANK1     0001F6
_tc_int                        intcode      000008
_update_time                   text9        00127C
btemp                          temp         000066
display@F3065                  dataBANK2    000278
display@bright_i               cstackBANK0  0000E4
display@dark_i                 cstackBANK0  0000E6
display@i                      cstackBANK0  0000EA
display@iter                   cstackBANK0  0000E8
display@n                      cstackCOMRAM 00005E
display@num                    cstackBANK0  000080
end_of_initialization          cinit        001030
int$flags                      temp         000066
int_func                       intcode_body 000EE2
intlevel0                      text         000000
intlevel1                      text         000000
intlevel2                      text         000000
intlevel3                      text         000000
mode_TransLove@A               cstackBANK0  0000B4
mode_TransLove@E               cstackBANK0  0000D2
mode_TransLove@F3033           dataCOMRAM   000021
mode_TransLove@F3035           dataCOMRAM   000001
mode_TransLove@F3037           dataBANK0    0000FB
mode_TransLove@F3039           dataBANK0    0000F6
mode_TransLove@F3041           dataBANK0    0000F1
mode_TransLove@F3043           dataBANK0    0000EC
mode_TransLove@F3045           dataCOMRAM   00003F
mode_TransLove@F3047           dataCOMRAM   00003A
mode_TransLove@F3049           dataCOMRAM   000035
mode_TransLove@F3051           dataCOMRAM   000030
mode_TransLove@F3053           dataCOMRAM   00002B
mode_TransLove@L               cstackBANK0  0000C3
mode_TransLove@N               cstackBANK0  0000B9
mode_TransLove@O               cstackBANK0  0000C8
mode_TransLove@R               cstackBANK0  0000AF
mode_TransLove@S               cstackBANK0  0000BE
mode_TransLove@T               cstackBANK0  0000AA
mode_TransLove@V               cstackBANK0  0000CD
mode_TransLove@arrow           cstackBANK0  000080
mode_TransLove@arrow_i         cstackBANK0  0000E3
mode_TransLove@bright          cstackBANK0  0000DD
mode_TransLove@cycle           cstackBANK0  0000D9
mode_TransLove@dark            cstackBANK0  0000DF
mode_TransLove@delay           cstackBANK0  0000E1
mode_TransLove@delay_323       cstackBANK0  0000D7
mode_TransLove@i               cstackBANK0  0000E5
mode_TransLove@love            cstackBANK0  0000A0
mode_clock@F3075               dataBANK2    000200
mode_clock@XMAS                cstackBANK1  000100
mode_clock@bright              cstackBANK1  000184
mode_clock@dark                cstackBANK1  000186
mode_clock@delay               cstackBANK1  000190
mode_clock@display_cycle       cstackBANK1  000178
mode_clock@i                   cstackBANK1  00018E
mode_clock@j                   cstackBANK1  00018C
mode_clock@minH                cstackBANK1  00017C
mode_clock@minL                cstackBANK1  00017E
mode_clock@secH                cstackBANK1  000180
mode_clock@secL                cstackBANK1  000182
mode_clock@show                cstackBANK1  00018A
mode_clock@state               cstackBANK1  000188
mode_walker@F3010              dataBANK1    000192
mode_walker@F3012              dataBANK1    0001EC
mode_walker@bright             cstackBANK1  000162
mode_walker@column             cstackBANK1  000176
mode_walker@dark               cstackBANK1  000164
mode_walker@dark_293           cstackBANK1  00016E
mode_walker@delay              cstackBANK1  000160
mode_walker@delay_289          cstackBANK1  000180
mode_walker@display_cycle      cstackBANK1  00015A
mode_walker@four               cstackBANK1  000178
mode_walker@i                  cstackBANK1  000188
mode_walker@move               cstackBANK1  000182
mode_walker@pic_cycle          cstackBANK1  00015E
mode_walker@pic_cycle_i        cstackBANK1  000168
mode_walker@pic_i              cstackBANK1  000172
mode_walker@show               cstackBANK1  000174
mode_walker@state              cstackBANK1  000186
mode_walker@state_change_cycle cstackBANK1  000166
mode_walker@update             cstackBANK1  00016A
mode_walker@update_next_time   cstackBANK1  00016C
mode_walker@walker             cstackBANK1  000100
stackhi                        (abs)        0005FF
stacklo                        (abs)        0002DC
start                          init         00000E
start_initialization           cinit        000FA2
wtemp6                         temp         000067


FUNCTION INFORMATION:

 *************** function _main *****************
 Defined at:
		line 796 in file "main2.c"
 Parameters:    Size  Location     Type
		None
 Auto vars:     Size  Location     Type
		None
 Return value:  Size  Location     Type
                  1    wreg      void 
 Registers used:
		wreg, fsr1l, fsr1h, fsr2l, fsr2h, status,2, status,0, prodl, prodh, cstack
 Tracked objects:
		On entry : 
		On exit  : 
		Unchanged: 
 Data sizes:     COMRAM   BANK0   BANK1   BANK2   BANK3   BANK4   BANK5
      Params:         0       0       0       0       0       0       0
      Locals:         0       0       0       0       0       0       0
      Temps:          0       0       0       0       0       0       0
      Totals:         0       0       0       0       0       0       0
Total ram usage:        0 bytes
 Hardware stack levels required when called:    5
 This function calls:
		_mode_TransLove
		_mode_clock
		_mode_walker
 This function is called by:
		Startup code after reset
 This function uses a non-reentrant model


 *************** function _mode_walker *****************
 Defined at:
		line 27 in file "main2.c"
 Parameters:    Size  Location     Type
		None
 Auto vars:     Size  Location     Type
  dark            2  100[BANK1 ] int 
  bright          2   98[BANK1 ] int 
  column          2  118[BANK1 ] int 
  dark            4  110[BANK1 ] long 
  delay           2  128[BANK1 ] int 
  delay           2   96[BANK1 ] int 
  i               2  136[BANK1 ] int 
  walker         90    0[BANK1 ] int [9][5]
  four            8  120[BANK1 ] int [4]
  move            4  130[BANK1 ] long 
  display_cycl    4   90[BANK1 ] long 
  state           2  134[BANK1 ] int 
  show            2  116[BANK1 ] PTR unsigned int 
		 -> mode_walker@walker(90), 
  pic_i           2  114[BANK1 ] int 
  update_next_    2  108[BANK1 ] int 
  update          2  106[BANK1 ] int 
  pic_cycle_i     2  104[BANK1 ] int 
  state_change    2  102[BANK1 ] int 
  pic_cycle       2   94[BANK1 ] const int 
 Return value:  Size  Location     Type
                  1    wreg      void 
 Registers used:
		wreg, fsr1l, fsr1h, fsr2l, fsr2h, status,2, status,0, prodl, prodh, cstack
 Tracked objects:
		On entry : 
		On exit  : 
		Unchanged: 
 Data sizes:     COMRAM   BANK0   BANK1   BANK2   BANK3   BANK4   BANK5
      Params:         0       0       0       0       0       0       0
      Locals:         0       0     138       0       0       0       0
      Temps:          8       0       0       0       0       0       0
      Totals:         8       0     138       0       0       0       0
Total ram usage:      146 bytes
 Hardware stack levels used:    1
 Hardware stack levels required when called:    3
 This function calls:
		___awmod
		___wmul
 This function is called by:
		_main
 This function uses a non-reentrant model


 *************** function _mode_clock *****************
 Defined at:
		line 629 in file "main2.c"
 Parameters:    Size  Location     Type
		None
 Auto vars:     Size  Location     Type
  dark            2  134[BANK1 ] int 
  bright          2  132[BANK1 ] int 
  j               2  140[BANK1 ] int 
  show            2  138[BANK1 ] PTR unsigned int 
		 -> mode_clock@XMAS(120), 
  i               2  142[BANK1 ] int 
  delay           2  144[BANK1 ] int 
  secL            2  130[BANK1 ] int 
  secH            2  128[BANK1 ] int 
  minL            2  126[BANK1 ] int 
  minH            2  124[BANK1 ] int 
  XMAS          120    0[BANK1 ] int [10][6]
  display_cycl    4  120[BANK1 ] long 
  state           2  136[BANK1 ] int 
 Return value:  Size  Location     Type
                  1    wreg      void 
 Registers used:
		wreg, fsr1l, fsr1h, fsr2l, fsr2h, status,2, status,0, prodl, prodh, cstack
 Tracked objects:
		On entry : 
		On exit  : 
		Unchanged: 
 Data sizes:     COMRAM   BANK0   BANK1   BANK2   BANK3   BANK4   BANK5
      Params:         0       0       0       0       0       0       0
      Locals:         0       0     146       0       0       0       0
      Temps:          2       0       0       0       0       0       0
      Totals:         2       0     146       0       0       0       0
Total ram usage:      148 bytes
 Hardware stack levels used:    1
 Hardware stack levels required when called:    4
 This function calls:
		___awdiv
		___awmod
		___wmul
		_display
 This function is called by:
		_main
 This function uses a non-reentrant model


 *************** function _display *****************
 Defined at:
		line 543 in file "main2.c"
 Parameters:    Size  Location     Type
  n               2   26[COMRAM] int 
 Auto vars:     Size  Location     Type
  dark_i          2  102[BANK0 ] int 
  bright_i        2  100[BANK0 ] int 
  i               2  106[BANK0 ] int 
  num           100    0[BANK0 ] int [5][10]
  iter            2  104[BANK0 ] PTR int 
		 -> display@num(100), 
 Return value:  Size  Location     Type
                  1    wreg      void 
 Registers used:
		wreg, fsr1l, fsr1h, fsr2l, fsr2h, status,2, status,0, prodl, prodh, cstack
 Tracked objects:
		On entry : 
		On exit  : 
		Unchanged: 
 Data sizes:     COMRAM   BANK0   BANK1   BANK2   BANK3   BANK4   BANK5
      Params:         2       0       0       0       0       0       0
      Locals:         0     108       0       0       0       0       0
      Temps:          0       0       0       0       0       0       0
      Totals:         2     108       0       0       0       0       0
Total ram usage:      110 bytes
 Hardware stack levels used:    1
 Hardware stack levels required when called:    3
 This function calls:
		___wmul
 This function is called by:
		_mode_clock
 This function uses a non-reentrant model


 *************** function ___wmul *****************
 Defined at:
		line 15 in file "C:\Program Files (x86)\Microchip\xc8\v1.44\sources\common\Umul16.c"
 Parameters:    Size  Location     Type
  multiplier      2   18[COMRAM] unsigned int 
  multiplicand    2   20[COMRAM] unsigned int 
 Auto vars:     Size  Location     Type
  product         2   22[COMRAM] unsigned int 
 Return value:  Size  Location     Type
                  2   18[COMRAM] unsigned int 
 Registers used:
		wreg, status,2, status,0, prodl, prodh
 Tracked objects:
		On entry : 
		On exit  : 
		Unchanged: 
 Data sizes:     COMRAM   BANK0   BANK1   BANK2   BANK3   BANK4   BANK5
      Params:         4       0       0       0       0       0       0
      Locals:         2       0       0       0       0       0       0
      Temps:          0       0       0       0       0       0       0
      Totals:         6       0       0       0       0       0       0
Total ram usage:        6 bytes
 Hardware stack levels used:    1
 Hardware stack levels required when called:    2
 This function calls:
		Nothing
 This function is called by:
		_mode_walker
		_display
		_mode_clock
 This function uses a non-reentrant model


 *************** function ___awmod *****************
 Defined at:
		line 8 in file "C:\Program Files (x86)\Microchip\xc8\v1.44\sources\common\awmod.c"
 Parameters:    Size  Location     Type
  dividend        2   18[COMRAM] int 
  divisor         2   20[COMRAM] int 
 Auto vars:     Size  Location     Type
  sign            1   23[COMRAM] unsigned char 
  counter         1   22[COMRAM] unsigned char 
 Return value:  Size  Location     Type
                  2   18[COMRAM] int 
 Registers used:
		wreg, status,2, status,0
 Tracked objects:
		On entry : 
		On exit  : 
		Unchanged: 
 Data sizes:     COMRAM   BANK0   BANK1   BANK2   BANK3   BANK4   BANK5
      Params:         4       0       0       0       0       0       0
      Locals:         2       0       0       0       0       0       0
      Temps:          0       0       0       0       0       0       0
      Totals:         6       0       0       0       0       0       0
Total ram usage:        6 bytes
 Hardware stack levels used:    1
 Hardware stack levels required when called:    2
 This function calls:
		Nothing
 This function is called by:
		_mode_walker
		_mode_clock
 This function uses a non-reentrant model


 *************** function ___awdiv *****************
 Defined at:
		line 8 in file "C:\Program Files (x86)\Microchip\xc8\v1.44\sources\common\awdiv.c"
 Parameters:    Size  Location     Type
  dividend        2   18[COMRAM] int 
  divisor         2   20[COMRAM] int 
 Auto vars:     Size  Location     Type
  quotient        2   24[COMRAM] int 
  sign            1   23[COMRAM] unsigned char 
  counter         1   22[COMRAM] unsigned char 
 Return value:  Size  Location     Type
                  2   18[COMRAM] int 
 Registers used:
		wreg, status,2, status,0
 Tracked objects:
		On entry : 
		On exit  : 
		Unchanged: 
 Data sizes:     COMRAM   BANK0   BANK1   BANK2   BANK3   BANK4   BANK5
      Params:         4       0       0       0       0       0       0
      Locals:         4       0       0       0       0       0       0
      Temps:          0       0       0       0       0       0       0
      Totals:         8       0       0       0       0       0       0
Total ram usage:        8 bytes
 Hardware stack levels used:    1
 Hardware stack levels required when called:    2
 This function calls:
		Nothing
 This function is called by:
		_mode_clock
 This function uses a non-reentrant model


 *************** function _mode_TransLove *****************
 Defined at:
		line 384 in file "main2.c"
 Parameters:    Size  Location     Type
		None
 Auto vars:     Size  Location     Type
  delay           2   97[BANK0 ] int 
  dark            2   95[BANK0 ] int 
  bright          2   93[BANK0 ] int 
  i               2  101[BANK0 ] int 
  delay           2   87[BANK0 ] int 
  arrow          32    0[BANK0 ] unsigned int [16]
  love           10   32[BANK0 ] unsigned char [10]
  E               5   82[BANK0 ] unsigned char [5]
  V               5   77[BANK0 ] unsigned char [5]
  O               5   72[BANK0 ] unsigned char [5]
  L               5   67[BANK0 ] unsigned char [5]
  S               5   62[BANK0 ] unsigned char [5]
  N               5   57[BANK0 ] unsigned char [5]
  A               5   52[BANK0 ] unsigned char [5]
  R               5   47[BANK0 ] unsigned char [5]
  T               5   42[BANK0 ] unsigned char [5]
  cycle           4   89[BANK0 ] long 
  arrow_i         2   99[BANK0 ] int 
 Return value:  Size  Location     Type
                  1    wreg      void 
 Registers used:
		wreg, fsr1l, fsr1h, fsr2l, fsr2h, status,2, status,0
 Tracked objects:
		On entry : 
		On exit  : 
		Unchanged: 
 Data sizes:     COMRAM   BANK0   BANK1   BANK2   BANK3   BANK4   BANK5
      Params:         0       0       0       0       0       0       0
      Locals:         0     103       0       0       0       0       0
      Temps:          4       0       0       0       0       0       0
      Totals:         4     103       0       0       0       0       0
Total ram usage:      107 bytes
 Hardware stack levels used:    1
 Hardware stack levels required when called:    2
 This function calls:
		Nothing
 This function is called by:
		_main
 This function uses a non-reentrant model


 *************** function _tc_int *****************
 Defined at:
		line 783 in file "main2.c"
 Parameters:    Size  Location     Type
		None
 Auto vars:     Size  Location     Type
		None
 Return value:  Size  Location     Type
                  1    wreg      void 
 Registers used:
		wreg, status,2, status,0, cstack
 Tracked objects:
		On entry : 
		On exit  : 
		Unchanged: 
 Data sizes:     COMRAM   BANK0   BANK1   BANK2   BANK3   BANK4   BANK5
      Params:         0       0       0       0       0       0       0
      Locals:         0       0       0       0       0       0       0
      Temps:         18       0       0       0       0       0       0
      Totals:        18       0       0       0       0       0       0
Total ram usage:       18 bytes
 Hardware stack levels used:    1
 Hardware stack levels required when called:    1
 This function calls:
		_update_time
 This function is called by:
		Interrupt level 2
 This function uses a non-reentrant model


 *************** function _update_time *****************
 Defined at:
		line 772 in file "main2.c"
 Parameters:    Size  Location     Type
		None
 Auto vars:     Size  Location     Type
		None
 Return value:  Size  Location     Type
                  1    wreg      void 
 Registers used:
		wreg, status,2, status,0
 Tracked objects:
		On entry : 
		On exit  : 
		Unchanged: 
 Data sizes:     COMRAM   BANK0   BANK1   BANK2   BANK3   BANK4   BANK5
      Params:         0       0       0       0       0       0       0
      Locals:         0       0       0       0       0       0       0
      Temps:          0       0       0       0       0       0       0
      Totals:         0       0       0       0       0       0       0
Total ram usage:        0 bytes
 Hardware stack levels used:    1
 This function calls:
		Nothing
 This function is called by:
		_tc_int
 This function uses a non-reentrant model



MODULE INFORMATION

Module		Function		Class		Link	Load	Size
C:\Program Files (x86)\Microchip\xc8\v1.44\sources\common\awmod.c
		___awmod       		CODE           	115E	0000	113

C:\Program Files (x86)\Microchip\xc8\v1.44\sources\common\awmod.c estimated size: 113

C:\Program Files (x86)\Microchip\xc8\v1.44\sources\common\Umul16.c
		___wmul        		CODE           	1306	0000	39

C:\Program Files (x86)\Microchip\xc8\v1.44\sources\common\Umul16.c estimated size: 39

main2.c
		_display       		CODE           	103E	0000	157
		_main          		CODE           	1230	0000	77
		_mode_clock    		CODE           	0B5E	0000	681
		_tc_int        		CODE           	0008	0000	199
		_update_time   		CODE           	127C	0000	71
		_mode_TransLove		CODE           	0012	0000	1493
		_mode_walker   		CODE           	05E6	0000	1401

main2.c estimated size: 4079

shared
		__initialization		CODE           	0FA2	0000	143

shared estimated size: 143

C:\Program Files (x86)\Microchip\xc8\v1.44\sources\common\awdiv.c
		___awdiv       		CODE           	10DA	0000	133

C:\Program Files (x86)\Microchip\xc8\v1.44\sources\common\awdiv.c estimated size: 133

