Microchip MPLAB XC8 Compiler V1.44 ()

Linker command line:

-W-3 --edf=C:\Program Files (x86)\Microchip\xc8\v1.44\dat\en_msgs.txt -cs \
  -h+dist/default/production\x-mas_v1.X.production.sym \
  --cmf=dist/default/production\x-mas_v1.X.production.cmf -z -Q18F4520 \
  -oC:\Users\Lenovo\AppData\Local\Temp\s1v4.2 \
  -Mdist/default/production/x-mas_v1.X.production.map -E1 -ver=XC8 \
  -ASTACK=080h-03a7h -pstack=STACK -ACODE=00h-07FFFh -ACONST=00h-07FFFh \
  -ASMALLCONST=0600h-06FFhx122 -AMEDIUMCONST=0600h-07FFFh -ACOMRAM=01h-07Fh \
  -AABS1=00h-05FFh -ABIGRAM=01h-05FFh -ARAM=080h-0FFh,0100h-01FFhx5 \
  -ABANK0=080h-0FFh -ABANK1=0100h-01FFh -ABANK2=0200h-02FFh \
  -ABANK3=0300h-03FFh -ABANK4=0400h-04FFh -ABANK5=0500h-05FFh \
  -ASFR=0F80h-0FFFh -preset_vec=00h,intcode=08h,intcodelo,powerup,init \
  -pramtop=0600h -psmallconst=SMALLCONST -pmediumconst=MEDIUMCONST \
  -pconst=CONST -AFARRAM=00h-00h -ACONFIG=0300000h-030000Dh -pconfig=CONFIG \
  -AIDLOC=0200000h-0200007h -pidloc=IDLOC -AEEDATA=0F00000h-0F000FFh \
  -peeprom_data=EEDATA \
  -prdata=COMRAM,nvrram=COMRAM,nvbit=COMRAM,rbss=COMRAM,rbit=COMRAM \
  -pfarbss=FARRAM,fardata=FARRAM,nvFARRAM=FARRAM \
  -pintsave_regs=BIGRAM,bigbss=BIGRAM,bigdata=BIGRAM -pbss=RAM \
  -pidata=CODE,irdata=CODE,ibigdata=CODE,ifardata=CODE -prparam=COMRAM \
  C:\Users\Lenovo\AppData\Local\Temp\s1v4.obj \
  dist/default/production\x-mas_v1.X.production.obj 

Object code version is 3.11

Machine type is 18F4520

Call graph: (short form)




                Name                               Link     Load   Length Selector   Space Scale
C:\Users\Lenovo\AppData\Local\Temp\s1v4.obj
                init                                  E        E        4        4       0
                reset_vec                             0        0        4        0       0
                idloc                            200000   200000        8   200000       0
                config                           300000   300000        E   300000       0
dist/default/production\x-mas_v1.X.production.obj
                intcode                               8        8        6        4       0
                temp                                 2D       2D        1        1       1
                text10                              484      484       26        4       0
                text9                               4AA      4AA       24        4       0
                text8                               4F0      4F0        C        4       0
                text7                               504      504        8        4       0
                intcode_body                        26A      26A       A4        4       0
                text5                               4FC      4FC        8        4       0
                text4                               45E      45E       26        4       0
                text3                               30E      30E       94        4       0
                text2                               4CE      4CE       22        4       0
                text1                               438      438       26        4       0
                text0                               3F6      3F6       42        4       0
                cstackCOMRAM                          1        1       25        1       1
                dataBIGRAM                          3A8      3A8      258      3A8       1
                dataCOMRAM                           26       26        4        1       1
                bssCOMRAM                            2A       2A        3        1       1
                cinit                               3A2      3A2       54        4       0
                idataBIGRAM                          12       12      258        4       0
                idataCOMRAM                         50C      50C        4        4       0

TOTAL           Name                               Link     Load   Length     Space
        CLASS   STACK          

        CLASS   CODE           
                intcode                               8        8        6         0
                init                                  E        E        4         0
                reset_vec                             0        0        4         0
                text10                              484      484       26         0
                text9                               4AA      4AA       24         0
                text8                               4F0      4F0        C         0
                text7                               504      504        8         0
                intcode_body                        26A      26A       A4         0
                text5                               4FC      4FC        8         0
                text4                               45E      45E       26         0
                text3                               30E      30E       94         0
                text2                               4CE      4CE       22         0
                text1                               438      438       26         0
                text0                               3F6      3F6       42         0
                cinit                               3A2      3A2       54         0
                idataBIGRAM                          12       12      258         0
                idataCOMRAM                         50C      50C        4         0

        CLASS   CONST          

        CLASS   SMALLCONST     

        CLASS   MEDIUMCONST    

        CLASS   COMRAM         
                temp                                 2D       2D        1         1
                cstackCOMRAM                          1        1       25         1
                dataCOMRAM                           26       26        4         1
                bssCOMRAM                            2A       2A        3         1

        CLASS   ABS1           

        CLASS   BIGRAM         
                dataBIGRAM                          3A8      3A8      258         1

        CLASS   RAM            

        CLASS   BANK0          

        CLASS   BANK1          

        CLASS   BANK2          

        CLASS   BANK3          

        CLASS   BANK4          

        CLASS   BANK5          

        CLASS   SFR            

        CLASS   FARRAM         

        CLASS   CONFIG         
                config                           300000   300000        E         0

        CLASS   IDLOC          
                idloc                            200000   200000        8         0

        CLASS   EEDATA         



SEGMENTS        Name                           Load    Length   Top    Selector   Space  Class

                reset_vec                      000000  000004  000004         0       0  CODE    
                cstackCOMRAM                   000001  00002D  00002E         1       1  COMRAM  
                intcode                        000008  000508  000510         4       0  CODE    
                dataBIGRAM                     0003A8  000258  000600       3A8       1  BIGRAM  
                idloc                          200000  000008  200008    200000       0  IDLOC   
                config                         300000  00000E  30000E    300000       0  CONFIG  


UNUSED ADDRESS RANGES

        Name                Unused          Largest block    Delta
        BANK0            000080-0000FF               80
        BANK1            000100-0001FF              100
        BANK2            000200-0002FF              100
        BANK3            000300-0003A7               A8
        BIGRAM           00002E-0003A7              37A
        CODE             000004-000007                4
                         000510-007FFF             7AF0
        COMRAM           00002E-00007F               52
        CONST            000004-000007                4
                         000510-007FFF             7AF0
        EEDATA           F00000-F000FF              100
        MEDIUMCONST      000600-007FFF             7A00
        RAM              000080-0003A7              100
        SFR              000F80-000FFF               80
        SMALLCONST       000600-007FFF              100
        STACK            000080-0003A7              328

                                  Symbol Table

?_next                   cstackCOMRAM 000016
?_prev                   cstackCOMRAM 000016
?i2_next                 cstackCOMRAM 000001
LED_DISP@bright          cstackCOMRAM 00001A
LED_DISP@dark            cstackCOMRAM 00001C
LED_DISP@delay           cstackCOMRAM 00001E
LED_DISP@i               cstackCOMRAM 000022
LED_DISP@iter            cstackCOMRAM 000020
LED_DISP@start           cstackCOMRAM 000018
Myusartwrite@a           cstackCOMRAM 000001
_BAUDCONbits             (abs)        000FB8
_Hi_ISR                  intcode      000008
_INTCONbits              (abs)        000FF2
_IPR1bits                (abs)        000F9F
_ISR_Init                text5        0004FC
_LATA                    (abs)        000F89
_LED_DISP                text3        00030E
_MyusartRead             text8        0004F0
_Myusartinit             text2        0004CE
_Myusartwrite            text7        000504
_NOW                     dataCOMRAM   000028
_OSCCONbits              (abs)        000FD3
_PIE1bits                (abs)        000F9D
_PIR1bits                (abs)        000F9E
_RCIF                    (abs)        007CF5
_RCONbits                (abs)        000FD0
_RCREG                   (abs)        000FAE
_RCSTAbits               (abs)        000FAB
_SPBRG                   (abs)        000FAF
_TAIL                    dataCOMRAM   000026
_TRISA                   (abs)        000F92
_TRISCbits               (abs)        000F94
_TRISD                   (abs)        000F95
_TXREG                   (abs)        000FAD
_TXSTAbits               (abs)        000FAC
__CFG_BOREN$SBORDIS      (abs)        000000
__CFG_BORV$3             (abs)        000000
__CFG_CCP2MX$PORTC       (abs)        000000
__CFG_CP0$OFF            (abs)        000000
__CFG_CP1$OFF            (abs)        000000
__CFG_CP2$OFF            (abs)        000000
__CFG_CP3$OFF            (abs)        000000
__CFG_CPB$OFF            (abs)        000000
__CFG_CPD$OFF            (abs)        000000
__CFG_EBTR0$OFF          (abs)        000000
__CFG_EBTR1$OFF          (abs)        000000
__CFG_EBTR2$OFF          (abs)        000000
__CFG_EBTR3$OFF          (abs)        000000
__CFG_EBTRB$OFF          (abs)        000000
__CFG_FCMEN$OFF          (abs)        000000
__CFG_IESO$ON            (abs)        000000
__CFG_LPT1OSC$OFF        (abs)        000000
__CFG_LVP$OFF            (abs)        000000
__CFG_MCLRE$ON           (abs)        000000
__CFG_OSC$INTIO67        (abs)        000000
__CFG_PBADEN$ON          (abs)        000000
__CFG_PWRT$OFF           (abs)        000000
__CFG_STVREN$ON          (abs)        000000
__CFG_WDT$OFF            (abs)        000000
__CFG_WDTPS$1            (abs)        000000
__CFG_WRT0$OFF           (abs)        000000
__CFG_WRT1$OFF           (abs)        000000
__CFG_WRT2$OFF           (abs)        000000
__CFG_WRT3$OFF           (abs)        000000
__CFG_WRTB$OFF           (abs)        000000
__CFG_WRTC$OFF           (abs)        000000
__CFG_WRTD$OFF           (abs)        000000
__CFG_XINST$OFF          (abs)        000000
__HRAM                   (abs)        000000
__Habs1                  abs1         000000
__Hbank0                 bank0        000000
__Hbank1                 bank1        000000
__Hbank2                 bank2        000000
__Hbank3                 bank3        000000
__Hbank4                 bank4        000000
__Hbank5                 bank5        000000
__Hbigbss                bigbss       000000
__Hbigdata               bigdata      000000
__Hbigram                bigram       000000
__Hbss                   bss          000000
__HbssCOMRAM             bssCOMRAM    000000
__Hcinit                 cinit        000000
__Hclrtext               clrtext      000000
__Hcomram                comram       000000
__Hconfig                config       30000E
__Hconst                 const        000000
__HcstackCOMRAM          cstackCOMRAM 000000
__Hdata                  data         000000
__HdataBIGRAM            dataBIGRAM   000000
__HdataCOMRAM            dataCOMRAM   000000
__Heeprom_data           eeprom_data  000000
__Hfarbss                farbss       000000
__Hfardata               fardata      000000
__Hibigdata              ibigdata     000000
__Hidata                 idata        000000
__HidataBIGRAM           idataBIGRAM  000000
__HidataCOMRAM           idataCOMRAM  000000
__Hidloc                 idloc        200008
__Hifardata              ifardata     000000
__Hinit                  init         000012
__Hintcode               intcode      00000E
__Hintcode_body          intcode_body 000000
__Hintcodelo             intcodelo    00000E
__Hintentry              intentry     000000
__Hintret                intret       000000
__Hintsave_regs          intsave_regs 000000
__Hirdata                irdata       000000
__Hmediumconst           mediumconst  000000
__HnvFARRAM              nvFARRAM     000000
__Hnvbit                 nvbit        000000
__Hnvrram                nvrram       000000
__Hparam                 rparam       000000
__Hpowerup               powerup      00000E
__Hram                   ram          000000
__Hramtop                ramtop       000600
__Hrbit                  rbit         000000
__Hrbss                  rbss         000000
__Hrdata                 rdata        000000
__Hreset_vec             reset_vec    000004
__Hrparam                rparam       000000
__Hsfr                   sfr          000000
__Hsmallconst            smallconst   000000
__Hspace_0               (abs)        30000E
__Hspace_1               (abs)        000600
__Hspace_2               (abs)        000000
__Hstack                 stack        000000
__Hstruct                struct       000000
__Htemp                  temp         00002E
__Htext                  text         000000
__Htext0                 text0        000000
__Htext1                 text1        000000
__Htext10                text10       000000
__Htext2                 text2        000000
__Htext3                 text3        000000
__Htext4                 text4        000000
__Htext5                 text5        000000
__Htext7                 text7        000000
__Htext8                 text8        000000
__Htext9                 text9        000000
__LRAM                   (abs)        000001
__Labs1                  abs1         000000
__Lbank0                 bank0        000000
__Lbank1                 bank1        000000
__Lbank2                 bank2        000000
__Lbank3                 bank3        000000
__Lbank4                 bank4        000000
__Lbank5                 bank5        000000
__Lbigbss                bigbss       000000
__Lbigdata               bigdata      000000
__Lbigram                bigram       000000
__Lbss                   bss          000000
__LbssCOMRAM             bssCOMRAM    000000
__Lcinit                 cinit        000000
__Lclrtext               clrtext      000000
__Lcomram                comram       000000
__Lconfig                config       300000
__Lconst                 const        000000
__LcstackCOMRAM          cstackCOMRAM 000000
__Ldata                  data         000000
__LdataBIGRAM            dataBIGRAM   000000
__LdataCOMRAM            dataCOMRAM   000000
__Leeprom_data           eeprom_data  000000
__Lfarbss                farbss       000000
__Lfardata               fardata      000000
__Libigdata              ibigdata     000000
__Lidata                 idata        000000
__LidataBIGRAM           idataBIGRAM  000000
__LidataCOMRAM           idataCOMRAM  000000
__Lidloc                 idloc        200000
__Lifardata              ifardata     000000
__Linit                  init         00000E
__Lintcode               intcode      000008
__Lintcode_body          intcode_body 000000
__Lintcodelo             intcodelo    00000E
__Lintentry              intentry     000000
__Lintret                intret       000000
__Lintsave_regs          intsave_regs 000000
__Lirdata                irdata       000000
__Lmediumconst           mediumconst  000000
__LnvFARRAM              nvFARRAM     000000
__Lnvbit                 nvbit        000000
__Lnvrram                nvrram       000000
__Lparam                 rparam       000000
__Lpowerup               powerup      00000E
__Lram                   ram          000000
__Lramtop                ramtop       000600
__Lrbit                  rbit         000000
__Lrbss                  rbss         000000
__Lrdata                 rdata        000000
__Lreset_vec             reset_vec    000000
__Lrparam                rparam       000000
__Lsfr                   sfr          000000
__Lsmallconst            smallconst   000000
__Lspace_0               (abs)        000000
__Lspace_1               (abs)        000000
__Lspace_2               (abs)        000000
__Lstack                 stack        000000
__Lstruct                struct       000000
__Ltemp                  temp         00002D
__Ltext                  text         000000
__Ltext0                 text0        000000
__Ltext1                 text1        000000
__Ltext10                text10       000000
__Ltext2                 text2        000000
__Ltext3                 text3        000000
__Ltext4                 text4        000000
__Ltext5                 text5        000000
__Ltext7                 text7        000000
__Ltext8                 text8        000000
__Ltext9                 text9        000000
__S0                     (abs)        30000E
__S1                     (abs)        000600
__S2                     (abs)        000000
___inthi_sp              stack        000000
___intlo_sp              stack        000000
___param_bank            (abs)        000000
___rparam_used           (abs)        000001
___sp                    stack        000000
__accesstop              (abs)        000080
__activetblptr           (abs)        000000
__end_of_Hi_ISR          intcode_body 00030E
__end_of_ISR_Init        text5        000504
__end_of_LED_DISP        text3        0003A2
__end_of_MyusartRead     text8        0004FC
__end_of_Myusartinit     text2        0004F0
__end_of_Myusartwrite    text7        00050C
__end_of__initialization cinit        0003EC
__end_of_add_word        text9        0004CE
__end_of_main            text0        000438
__end_of_next            text1        00045E
__end_of_prev            text4        000484
__end_ofi2_next          text10       0004AA
__initialization         cinit        0003A2
__mediumconst            mediumconst  000000
__pbssCOMRAM             bssCOMRAM    00002A
__pcinit                 cinit        0003A2
__pcstackCOMRAM          cstackCOMRAM 000001
__pdataBIGRAM            dataBIGRAM   0003A8
__pdataCOMRAM            dataCOMRAM   000026
__pidataBIGRAM           idataBIGRAM  000012
__pidataCOMRAM           idataCOMRAM  00050C
__pintcode               intcode      000008
__pintcode_body          intcode_body 00026A
__ptext0                 text0        0003F6
__ptext1                 text1        000438
__ptext10                text10       000484
__ptext2                 text2        0004CE
__ptext3                 text3        00030E
__ptext4                 text4        00045E
__ptext5                 text5        0004FC
__ptext7                 text7        000504
__ptext8                 text8        0004F0
__ptext9                 text9        0004AA
__ramtop                 ramtop       000600
__size_of_Hi_ISR         (abs)        000000
__size_of_ISR_Init       (abs)        000000
__size_of_LED_DISP       (abs)        000000
__size_of_MyusartRead    (abs)        000000
__size_of_Myusartinit    (abs)        000000
__size_of_Myusartwrite   (abs)        000000
__size_of_add_word       (abs)        000000
__size_of_main           (abs)        000000
__size_of_next           (abs)        000000
__size_of_prev           (abs)        000000
__size_ofi2_next         (abs)        000000
__smallconst             smallconst   000000
_add_word                text9        0004AA
_data                    dataBIGRAM   0003A8
_global_char             bssCOMRAM    00002C
_main                    text0        0003F6
_next                    text1        000438
_prev                    text4        00045E
_stringC                 bssCOMRAM    00002A
add_word@c               cstackCOMRAM 000003
btemp                    temp         00002D
end_of_initialization    cinit        0003EC
i2_next                  text10       000484
i2next@ptr               cstackCOMRAM 000001
int$flags                temp         00002D
int_func                 intcode_body 00026A
intlevel0                text         000000
intlevel1                text         000000
intlevel2                text         000000
intlevel3                text         000000
main@start               cstackCOMRAM 000024
next@ptr                 cstackCOMRAM 000016
prev@ptr                 cstackCOMRAM 000016
stackhi                  (abs)        0003A7
stacklo                  (abs)        000080
start                    init         00000E
start_initialization     cinit        0003A2
wtemp6                   temp         00002E


FUNCTION INFORMATION:

 *************** function _main *****************
 Defined at:
		line 197 in file "main.c"
 Parameters:    Size  Location     Type
		None
 Auto vars:     Size  Location     Type
  start           2   35[COMRAM] PTR unsigned char 
		 -> data(600), 
 Return value:  Size  Location     Type
                  1    wreg      void 
 Registers used:
		wreg, fsr2l, fsr2h, status,2, status,0, cstack
 Tracked objects:
		On entry : 
		On exit  : 
		Unchanged: 
 Data sizes:     COMRAM   BANK0   BANK1   BANK2   BANK3   BANK4   BANK5
      Params:         0       0       0       0       0       0       0
      Locals:         2       0       0       0       0       0       0
      Temps:          0       0       0       0       0       0       0
      Totals:         2       0       0       0       0       0       0
Total ram usage:        2 bytes
 Hardware stack levels required when called:    6
 This function calls:
		_ISR_Init
		_LED_DISP
		_Myusartinit
		_next
 This function is called by:
		Startup code after reset
 This function uses a non-reentrant model


 *************** function _next *****************
 Defined at:
		line 243 in file "main.c"
 Parameters:    Size  Location     Type
  ptr             2   21[COMRAM] PTR unsigned char 
		 -> data(600), 
 Auto vars:     Size  Location     Type
		None
 Return value:  Size  Location     Type
                  2   21[COMRAM] PTR unsigned char 
 Registers used:
		wreg, status,2, status,0
 Tracked objects:
		On entry : 
		On exit  : 
		Unchanged: 
 Data sizes:     COMRAM   BANK0   BANK1   BANK2   BANK3   BANK4   BANK5
      Params:         2       0       0       0       0       0       0
      Locals:         0       0       0       0       0       0       0
      Temps:          0       0       0       0       0       0       0
      Totals:         2       0       0       0       0       0       0
Total ram usage:        2 bytes
 Hardware stack levels used:    1
 Hardware stack levels required when called:    4
 This function calls:
		Nothing
 This function is called by:
		_main
 This function uses a non-reentrant model


 *************** function _Myusartinit *****************
 Defined at:
		line 281 in file "main.c"
 Parameters:    Size  Location     Type
		None
 Auto vars:     Size  Location     Type
		None
 Return value:  Size  Location     Type
                  1    wreg      void 
 Registers used:
		wreg, status,2
 Tracked objects:
		On entry : 
		On exit  : 
		Unchanged: 
 Data sizes:     COMRAM   BANK0   BANK1   BANK2   BANK3   BANK4   BANK5
      Params:         0       0       0       0       0       0       0
      Locals:         0       0       0       0       0       0       0
      Temps:          0       0       0       0       0       0       0
      Totals:         0       0       0       0       0       0       0
Total ram usage:        0 bytes
 Hardware stack levels used:    1
 Hardware stack levels required when called:    4
 This function calls:
		Nothing
 This function is called by:
		_main
 This function uses a non-reentrant model


 *************** function _LED_DISP *****************
 Defined at:
		line 217 in file "main.c"
 Parameters:    Size  Location     Type
  start           2   23[COMRAM] PTR unsigned char 
		 -> data(600), 
 Auto vars:     Size  Location     Type
  dark            2   27[COMRAM] int 
  bright          2   25[COMRAM] int 
  i               2   33[COMRAM] int 
  iter            2   31[COMRAM] PTR unsigned char 
		 -> data(600), 
  delay           2   29[COMRAM] int 
 Return value:  Size  Location     Type
                  1    wreg      void 
 Registers used:
		wreg, fsr2l, fsr2h, status,2, status,0, cstack
 Tracked objects:
		On entry : 
		On exit  : 
		Unchanged: 
 Data sizes:     COMRAM   BANK0   BANK1   BANK2   BANK3   BANK4   BANK5
      Params:         2       0       0       0       0       0       0
      Locals:        10       0       0       0       0       0       0
      Temps:          0       0       0       0       0       0       0
      Totals:        12       0       0       0       0       0       0
Total ram usage:       12 bytes
 Hardware stack levels used:    1
 Hardware stack levels required when called:    5
 This function calls:
		_prev
 This function is called by:
		_main
 This function uses a non-reentrant model


 *************** function _prev *****************
 Defined at:
		line 237 in file "main.c"
 Parameters:    Size  Location     Type
  ptr             2   21[COMRAM] PTR unsigned char 
		 -> data(600), 
 Auto vars:     Size  Location     Type
		None
 Return value:  Size  Location     Type
                  2   21[COMRAM] PTR unsigned char 
 Registers used:
		wreg, status,2, status,0
 Tracked objects:
		On entry : 
		On exit  : 
		Unchanged: 
 Data sizes:     COMRAM   BANK0   BANK1   BANK2   BANK3   BANK4   BANK5
      Params:         2       0       0       0       0       0       0
      Locals:         0       0       0       0       0       0       0
      Temps:          0       0       0       0       0       0       0
      Totals:         2       0       0       0       0       0       0
Total ram usage:        2 bytes
 Hardware stack levels used:    1
 Hardware stack levels required when called:    4
 This function calls:
		Nothing
 This function is called by:
		_LED_DISP
 This function uses a non-reentrant model


 *************** function _ISR_Init *****************
 Defined at:
		line 258 in file "main.c"
 Parameters:    Size  Location     Type
		None
 Auto vars:     Size  Location     Type
		None
 Return value:  Size  Location     Type
                  1    wreg      void 
 Registers used:
		None
 Tracked objects:
		On entry : 
		On exit  : 
		Unchanged: 
 Data sizes:     COMRAM   BANK0   BANK1   BANK2   BANK3   BANK4   BANK5
      Params:         0       0       0       0       0       0       0
      Locals:         0       0       0       0       0       0       0
      Temps:          0       0       0       0       0       0       0
      Totals:         0       0       0       0       0       0       0
Total ram usage:        0 bytes
 Hardware stack levels used:    1
 Hardware stack levels required when called:    4
 This function calls:
		Nothing
 This function is called by:
		_main
 This function uses a non-reentrant model


 *************** function _Hi_ISR *****************
 Defined at:
		line 322 in file "main.c"
 Parameters:    Size  Location     Type
		None
 Auto vars:     Size  Location     Type
		None
 Return value:  Size  Location     Type
                  1    wreg      void 
 Registers used:
		wreg, fsr2l, fsr2h, status,2, status,0, cstack
 Tracked objects:
		On entry : 
		On exit  : 
		Unchanged: 
 Data sizes:     COMRAM   BANK0   BANK1   BANK2   BANK3   BANK4   BANK5
      Params:         0       0       0       0       0       0       0
      Locals:         0       0       0       0       0       0       0
      Temps:         18       0       0       0       0       0       0
      Totals:        18       0       0       0       0       0       0
Total ram usage:       18 bytes
 Hardware stack levels used:    1
 Hardware stack levels required when called:    3
 This function calls:
		_MyusartRead
		_Myusartwrite
 This function is called by:
		Interrupt level 2
 This function uses a non-reentrant model


 *************** function _Myusartwrite *****************
 Defined at:
		line 275 in file "main.c"
 Parameters:    Size  Location     Type
  a               1    wreg     unsigned char 
 Auto vars:     Size  Location     Type
  a               1    0[COMRAM] unsigned char 
 Return value:  Size  Location     Type
                  1    wreg      void 
 Registers used:
		wreg
 Tracked objects:
		On entry : 
		On exit  : 
		Unchanged: 
 Data sizes:     COMRAM   BANK0   BANK1   BANK2   BANK3   BANK4   BANK5
      Params:         0       0       0       0       0       0       0
      Locals:         1       0       0       0       0       0       0
      Temps:          0       0       0       0       0       0       0
      Totals:         1       0       0       0       0       0       0
Total ram usage:        1 bytes
 Hardware stack levels used:    1
 This function calls:
		Nothing
 This function is called by:
		_Hi_ISR
 This function uses a non-reentrant model


 *************** function _MyusartRead *****************
 Defined at:
		line 267 in file "main.c"
 Parameters:    Size  Location     Type
		None
 Auto vars:     Size  Location     Type
		None
 Return value:  Size  Location     Type
                  1    wreg      void 
 Registers used:
		wreg, fsr2l, fsr2h, status,2, status,0, cstack
 Tracked objects:
		On entry : 
		On exit  : 
		Unchanged: 
 Data sizes:     COMRAM   BANK0   BANK1   BANK2   BANK3   BANK4   BANK5
      Params:         0       0       0       0       0       0       0
      Locals:         0       0       0       0       0       0       0
      Temps:          0       0       0       0       0       0       0
      Totals:         0       0       0       0       0       0       0
Total ram usage:        0 bytes
 Hardware stack levels used:    1
 Hardware stack levels required when called:    2
 This function calls:
		_add_word
 This function is called by:
		_Hi_ISR
 This function uses a non-reentrant model


 *************** function _add_word *****************
 Defined at:
		line 232 in file "main.c"
 Parameters:    Size  Location     Type
  c               1    wreg     unsigned char 
 Auto vars:     Size  Location     Type
  c               1    2[COMRAM] unsigned char 
 Return value:  Size  Location     Type
                  1    wreg      void 
 Registers used:
		wreg, fsr2l, fsr2h, status,2, status,0, cstack
 Tracked objects:
		On entry : 
		On exit  : 
		Unchanged: 
 Data sizes:     COMRAM   BANK0   BANK1   BANK2   BANK3   BANK4   BANK5
      Params:         0       0       0       0       0       0       0
      Locals:         1       0       0       0       0       0       0
      Temps:          0       0       0       0       0       0       0
      Totals:         1       0       0       0       0       0       0
Total ram usage:        1 bytes
 Hardware stack levels used:    1
 Hardware stack levels required when called:    1
 This function calls:
		i2_next
 This function is called by:
		_MyusartRead
		_init_word
 This function uses a non-reentrant model


 *************** function i2_next *****************
 Defined at:
		line 243 in file "main.c"
 Parameters:    Size  Location     Type
  ptr             2    0[COMRAM] PTR unsigned char 
		 -> data(600), 
 Auto vars:     Size  Location     Type
		None
 Return value:  Size  Location     Type
                  2    0[COMRAM] PTR unsigned char 
 Registers used:
		wreg, status,2, status,0
 Tracked objects:
		On entry : 
		On exit  : 
		Unchanged: 
 Data sizes:     COMRAM   BANK0   BANK1   BANK2   BANK3   BANK4   BANK5
      Params:         2       0       0       0       0       0       0
      Locals:         0       0       0       0       0       0       0
      Temps:          0       0       0       0       0       0       0
      Totals:         2       0       0       0       0       0       0
Total ram usage:        2 bytes
 Hardware stack levels used:    1
 This function calls:
		Nothing
 This function is called by:
		_add_word
 This function uses a non-reentrant model



MODULE INFORMATION

Module		Function		Class		Link	Load	Size
shared
		__initialization		CODE           	03A2	0000	75
		i2_next        		CODE           	0484	0000	39

shared estimated size: 114

main.c
		_MyusartRead   		CODE           	04F0	0000	13
		_Myusartinit   		CODE           	04CE	0000	35
		_Myusartwrite  		CODE           	0504	0000	9
		_prev          		CODE           	045E	0000	39
		_main          		CODE           	03F6	0000	67
		_LED_DISP      		CODE           	030E	0000	149
		_next          		CODE           	0438	0000	39
		_add_word      		CODE           	04AA	0000	37
		_Hi_ISR        		CODE           	0008	0000	171
		_ISR_Init      		CODE           	04FC	0000	9

main.c estimated size: 568

